// Jest Snapshot v1, https://goo.gl/fbAQLP

exports[`Points component should render correctly 1`] = `ShallowWrapper {}`;
