// Jest Snapshot v1, https://goo.gl/fbAQLP

exports[`PointsDisplay component should render correctly 1`] = `ShallowWrapper {}`;
